{"timestamp":"2025-09-11T15:22:28.935Z","level":"INFO","message":"Server started successfully","data":{"host":"192.168.1.135","port":"8003","environment":"development","timestamp":"2025-09-11T15:22:28.935Z"}}
{"timestamp":"2025-09-11T15:24:08.297Z","level":"ERROR","message":"JWT verification failed","data":{"error":"invalid signature","path":"/popular-today"}}
{"timestamp":"2025-09-11T15:24:08.299Z","level":"ERROR","message":"Request Error","data":{"method":"GET","url":"/popular-today","statusCode":400,"duration":"4ms","headers":{"authorization":"Bearer ***"},"body":null,"files":null}}
{"timestamp":"2025-09-11T15:24:08.315Z","level":"ERROR","message":"JWT verification failed","data":{"error":"invalid signature","path":"/all-playlist/68839e80b2670f69734c5875"}}
{"timestamp":"2025-09-11T15:24:08.315Z","level":"ERROR","message":"Request Error","data":{"method":"GET","url":"/all-playlist/68839e80b2670f69734c5875","statusCode":400,"duration":"6ms","headers":{"authorization":"Bearer ***"},"body":null,"files":null}}
{"timestamp":"2025-09-11T15:24:08.330Z","level":"ERROR","message":"JWT verification failed","data":{"error":"invalid signature","path":"/popular-today"}}
{"timestamp":"2025-09-11T15:24:08.333Z","level":"ERROR","message":"Request Error","data":{"method":"GET","url":"/popular-today","statusCode":400,"duration":"5ms","headers":{"authorization":"Bearer ***"},"body":null,"files":null}}
{"timestamp":"2025-09-11T15:24:08.541Z","level":"ERROR","message":"JWT verification failed","data":{"error":"invalid signature","path":"/all-playlist/68839e80b2670f69734c5875"}}
{"timestamp":"2025-09-11T15:24:08.542Z","level":"ERROR","message":"Request Error","data":{"method":"GET","url":"/all-playlist/68839e80b2670f69734c5875","statusCode":400,"duration":"3ms","headers":{"authorization":"Bearer ***"},"body":null,"files":null}}
{"timestamp":"2025-09-11T15:24:08.558Z","level":"ERROR","message":"JWT verification failed","data":{"error":"invalid signature","path":"/recently-played/68839e80b2670f69734c5875"}}
{"timestamp":"2025-09-11T15:24:08.559Z","level":"ERROR","message":"Request Error","data":{"method":"GET","url":"/recently-played/68839e80b2670f69734c5875","statusCode":400,"duration":"2ms","headers":{"authorization":"Bearer ***"},"body":null,"files":null}}
{"timestamp":"2025-09-11T15:24:08.564Z","level":"ERROR","message":"JWT verification failed","data":{"error":"invalid signature","path":"/all-favorite-sounds"}}
{"timestamp":"2025-09-11T15:24:08.565Z","level":"ERROR","message":"Request Error","data":{"method":"GET","url":"/all-favorite-sounds","statusCode":400,"duration":"2ms","headers":{"authorization":"Bearer ***"},"body":null,"files":null}}
{"timestamp":"2025-09-11T15:24:08.757Z","level":"ERROR","message":"JWT verification failed","data":{"error":"invalid signature","path":"/all-favorite-sounds"}}
{"timestamp":"2025-09-11T15:24:08.757Z","level":"ERROR","message":"Request Error","data":{"method":"GET","url":"/all-favorite-sounds","statusCode":400,"duration":"1ms","headers":{"authorization":"Bearer ***"},"body":null,"files":null}}
{"timestamp":"2025-09-11T15:24:10.008Z","level":"ERROR","message":"JWT verification failed","data":{"error":"invalid signature","path":"/recently-played/68839e80b2670f69734c5875"}}
{"timestamp":"2025-09-11T15:24:10.009Z","level":"ERROR","message":"Request Error","data":{"method":"GET","url":"/recently-played/68839e80b2670f69734c5875","statusCode":400,"duration":"3ms","headers":{"authorization":"Bearer ***"},"body":null,"files":null}}
{"timestamp":"2025-09-11T15:24:10.280Z","level":"ERROR","message":"JWT verification failed","data":{"error":"invalid signature","path":"/getSingleUser/68839e80b2670f69734c5875"}}
{"timestamp":"2025-09-11T15:24:10.280Z","level":"ERROR","message":"Request Error","data":{"method":"GET","url":"/getSingleUser/68839e80b2670f69734c5875","statusCode":400,"duration":"3ms","headers":{"authorization":"Bearer ***"},"body":null,"files":null}}
{"timestamp":"2025-09-11T15:24:50.196Z","level":"ERROR","message":"JWT verification failed","data":{"error":"invalid signature","path":"/popular-today"}}
{"timestamp":"2025-09-11T15:24:50.196Z","level":"ERROR","message":"Request Error","data":{"method":"GET","url":"/popular-today","statusCode":400,"duration":"2ms","headers":{"authorization":"Bearer ***"},"body":null,"files":null}}
{"timestamp":"2025-09-11T15:24:50.207Z","level":"ERROR","message":"JWT verification failed","data":{"error":"invalid signature","path":"/all-playlist/68839e80b2670f69734c5875"}}
{"timestamp":"2025-09-11T15:24:50.208Z","level":"ERROR","message":"Request Error","data":{"method":"GET","url":"/all-playlist/68839e80b2670f69734c5875","statusCode":400,"duration":"7ms","headers":{"authorization":"Bearer ***"},"body":null,"files":null}}
{"timestamp":"2025-09-11T15:24:50.221Z","level":"ERROR","message":"JWT verification failed","data":{"error":"invalid signature","path":"/popular-today"}}
{"timestamp":"2025-09-11T15:24:50.222Z","level":"ERROR","message":"Request Error","data":{"method":"GET","url":"/popular-today","statusCode":400,"duration":"3ms","headers":{"authorization":"Bearer ***"},"body":null,"files":null}}
{"timestamp":"2025-09-11T15:24:50.415Z","level":"ERROR","message":"JWT verification failed","data":{"error":"invalid signature","path":"/all-playlist/68839e80b2670f69734c5875"}}
{"timestamp":"2025-09-11T15:24:50.416Z","level":"ERROR","message":"Request Error","data":{"method":"GET","url":"/all-playlist/68839e80b2670f69734c5875","statusCode":400,"duration":"2ms","headers":{"authorization":"Bearer ***"},"body":null,"files":null}}
{"timestamp":"2025-09-11T15:24:50.459Z","level":"ERROR","message":"JWT verification failed","data":{"error":"invalid signature","path":"/popular-today"}}
{"timestamp":"2025-09-11T15:24:50.459Z","level":"ERROR","message":"Request Error","data":{"method":"GET","url":"/popular-today","statusCode":400,"duration":"2ms","headers":{"authorization":"Bearer ***"},"body":null,"files":null}}
{"timestamp":"2025-09-11T15:24:50.467Z","level":"ERROR","message":"JWT verification failed","data":{"error":"invalid signature","path":"/all-playlist/68839e80b2670f69734c5875"}}
{"timestamp":"2025-09-11T15:24:50.468Z","level":"ERROR","message":"Request Error","data":{"method":"GET","url":"/all-playlist/68839e80b2670f69734c5875","statusCode":400,"duration":"3ms","headers":{"authorization":"Bearer ***"},"body":null,"files":null}}
{"timestamp":"2025-09-11T15:24:50.489Z","level":"ERROR","message":"JWT verification failed","data":{"error":"invalid signature","path":"/recently-played/68839e80b2670f69734c5875"}}
{"timestamp":"2025-09-11T15:24:50.490Z","level":"ERROR","message":"Request Error","data":{"method":"GET","url":"/recently-played/68839e80b2670f69734c5875","statusCode":400,"duration":"12ms","headers":{"authorization":"Bearer ***"},"body":null,"files":null}}
{"timestamp":"2025-09-11T15:24:50.498Z","level":"ERROR","message":"JWT verification failed","data":{"error":"invalid signature","path":"/all-favorite-sounds"}}
{"timestamp":"2025-09-11T15:24:50.499Z","level":"ERROR","message":"Request Error","data":{"method":"GET","url":"/all-favorite-sounds","statusCode":400,"duration":"7ms","headers":{"authorization":"Bearer ***"},"body":null,"files":null}}
{"timestamp":"2025-09-11T15:24:50.503Z","level":"ERROR","message":"JWT verification failed","data":{"error":"invalid signature","path":"/recently-played/68839e80b2670f69734c5875"}}
{"timestamp":"2025-09-11T15:24:50.516Z","level":"ERROR","message":"Request Error","data":{"method":"GET","url":"/recently-played/68839e80b2670f69734c5875","statusCode":400,"duration":"14ms","headers":{"authorization":"Bearer ***"},"body":null,"files":null}}
{"timestamp":"2025-09-11T15:24:50.634Z","level":"ERROR","message":"JWT verification failed","data":{"error":"invalid signature","path":"/all-favorite-sounds"}}
{"timestamp":"2025-09-11T15:24:50.634Z","level":"ERROR","message":"Request Error","data":{"method":"GET","url":"/all-favorite-sounds","statusCode":400,"duration":"1ms","headers":{"authorization":"Bearer ***"},"body":null,"files":null}}
{"timestamp":"2025-09-11T15:24:50.652Z","level":"ERROR","message":"JWT verification failed","data":{"error":"invalid signature","path":"/recently-played/68839e80b2670f69734c5875"}}
{"timestamp":"2025-09-11T15:24:50.652Z","level":"ERROR","message":"Request Error","data":{"method":"GET","url":"/recently-played/68839e80b2670f69734c5875","statusCode":400,"duration":"1ms","headers":{"authorization":"Bearer ***"},"body":null,"files":null}}
{"timestamp":"2025-09-11T15:24:50.714Z","level":"ERROR","message":"JWT verification failed","data":{"error":"invalid signature","path":"/recently-played/68839e80b2670f69734c5875"}}
{"timestamp":"2025-09-11T15:24:50.715Z","level":"ERROR","message":"Request Error","data":{"method":"GET","url":"/recently-played/68839e80b2670f69734c5875","statusCode":400,"duration":"1ms","headers":{"authorization":"Bearer ***"},"body":null,"files":null}}
{"timestamp":"2025-09-11T15:24:50.725Z","level":"ERROR","message":"JWT verification failed","data":{"error":"invalid signature","path":"/all-favorite-sounds"}}
{"timestamp":"2025-09-11T15:24:50.726Z","level":"ERROR","message":"Request Error","data":{"method":"GET","url":"/all-favorite-sounds","statusCode":400,"duration":"3ms","headers":{"authorization":"Bearer ***"},"body":null,"files":null}}
{"timestamp":"2025-09-11T15:24:52.177Z","level":"ERROR","message":"JWT verification failed","data":{"error":"invalid signature","path":"/getSingleUser/68839e80b2670f69734c5875"}}
{"timestamp":"2025-09-11T15:24:52.179Z","level":"ERROR","message":"Request Error","data":{"method":"GET","url":"/getSingleUser/68839e80b2670f69734c5875","statusCode":400,"duration":"4ms","headers":{"authorization":"Bearer ***"},"body":null,"files":null}}
{"timestamp":"2025-09-11T15:24:53.085Z","level":"ERROR","message":"JWT verification failed","data":{"error":"invalid signature","path":"/popular-today"}}
{"timestamp":"2025-09-11T15:24:53.085Z","level":"ERROR","message":"Request Error","data":{"method":"GET","url":"/popular-today","statusCode":400,"duration":"1ms","headers":{"authorization":"Bearer ***"},"body":null,"files":null}}
{"timestamp":"2025-09-11T15:24:53.088Z","level":"ERROR","message":"JWT verification failed","data":{"error":"invalid signature","path":"/all-playlist/68839e80b2670f69734c5875"}}
{"timestamp":"2025-09-11T15:24:53.088Z","level":"ERROR","message":"Request Error","data":{"method":"GET","url":"/all-playlist/68839e80b2670f69734c5875","statusCode":400,"duration":"1ms","headers":{"authorization":"Bearer ***"},"body":null,"files":null}}
{"timestamp":"2025-09-11T15:24:53.113Z","level":"ERROR","message":"JWT verification failed","data":{"error":"invalid signature","path":"/popular-today"}}
{"timestamp":"2025-09-11T15:24:53.116Z","level":"ERROR","message":"Request Error","data":{"method":"GET","url":"/popular-today","statusCode":400,"duration":"5ms","headers":{"authorization":"Bearer ***"},"body":null,"files":null}}
{"timestamp":"2025-09-11T15:24:53.367Z","level":"ERROR","message":"JWT verification failed","data":{"error":"invalid signature","path":"/all-playlist/68839e80b2670f69734c5875"}}
{"timestamp":"2025-09-11T15:24:53.368Z","level":"ERROR","message":"Request Error","data":{"method":"GET","url":"/all-playlist/68839e80b2670f69734c5875","statusCode":400,"duration":"4ms","headers":{"authorization":"Bearer ***"},"body":null,"files":null}}
{"timestamp":"2025-09-11T15:24:53.403Z","level":"ERROR","message":"JWT verification failed","data":{"error":"invalid signature","path":"/popular-today"}}
{"timestamp":"2025-09-11T15:24:53.404Z","level":"ERROR","message":"Request Error","data":{"method":"GET","url":"/popular-today","statusCode":400,"duration":"2ms","headers":{"authorization":"Bearer ***"},"body":null,"files":null}}
{"timestamp":"2025-09-11T15:24:53.429Z","level":"ERROR","message":"JWT verification failed","data":{"error":"invalid signature","path":"/all-playlist/68839e80b2670f69734c5875"}}
{"timestamp":"2025-09-11T15:24:53.430Z","level":"ERROR","message":"Request Error","data":{"method":"GET","url":"/all-playlist/68839e80b2670f69734c5875","statusCode":400,"duration":"3ms","headers":{"authorization":"Bearer ***"},"body":null,"files":null}}
{"timestamp":"2025-09-11T15:24:53.438Z","level":"ERROR","message":"JWT verification failed","data":{"error":"invalid signature","path":"/recently-played/68839e80b2670f69734c5875"}}
{"timestamp":"2025-09-11T15:24:53.447Z","level":"ERROR","message":"Request Error","data":{"method":"GET","url":"/recently-played/68839e80b2670f69734c5875","statusCode":400,"duration":"11ms","headers":{"authorization":"Bearer ***"},"body":null,"files":null}}
{"timestamp":"2025-09-11T15:24:53.451Z","level":"ERROR","message":"JWT verification failed","data":{"error":"invalid signature","path":"/all-favorite-sounds"}}
{"timestamp":"2025-09-11T15:24:53.452Z","level":"ERROR","message":"Request Error","data":{"method":"GET","url":"/all-favorite-sounds","statusCode":400,"duration":"2ms","headers":{"authorization":"Bearer ***"},"body":null,"files":null}}
{"timestamp":"2025-09-11T15:24:53.468Z","level":"ERROR","message":"JWT verification failed","data":{"error":"invalid signature","path":"/recently-played/68839e80b2670f69734c5875"}}
{"timestamp":"2025-09-11T15:24:53.476Z","level":"ERROR","message":"Request Error","data":{"method":"GET","url":"/recently-played/68839e80b2670f69734c5875","statusCode":400,"duration":"9ms","headers":{"authorization":"Bearer ***"},"body":null,"files":null}}
{"timestamp":"2025-09-11T15:24:53.582Z","level":"ERROR","message":"JWT verification failed","data":{"error":"invalid signature","path":"/all-favorite-sounds"}}
{"timestamp":"2025-09-11T15:24:53.583Z","level":"ERROR","message":"Request Error","data":{"method":"GET","url":"/all-favorite-sounds","statusCode":400,"duration":"3ms","headers":{"authorization":"Bearer ***"},"body":null,"files":null}}
{"timestamp":"2025-09-11T15:24:53.676Z","level":"ERROR","message":"JWT verification failed","data":{"error":"invalid signature","path":"/recently-played/68839e80b2670f69734c5875"}}
{"timestamp":"2025-09-11T15:24:53.677Z","level":"ERROR","message":"Request Error","data":{"method":"GET","url":"/recently-played/68839e80b2670f69734c5875","statusCode":400,"duration":"4ms","headers":{"authorization":"Bearer ***"},"body":null,"files":null}}
{"timestamp":"2025-09-11T15:24:53.679Z","level":"ERROR","message":"JWT verification failed","data":{"error":"invalid signature","path":"/recently-played/68839e80b2670f69734c5875"}}
{"timestamp":"2025-09-11T15:24:53.680Z","level":"ERROR","message":"Request Error","data":{"method":"GET","url":"/recently-played/68839e80b2670f69734c5875","statusCode":400,"duration":"2ms","headers":{"authorization":"Bearer ***"},"body":null,"files":null}}
{"timestamp":"2025-09-11T15:24:53.685Z","level":"ERROR","message":"JWT verification failed","data":{"error":"invalid signature","path":"/all-favorite-sounds"}}
{"timestamp":"2025-09-11T15:24:53.687Z","level":"ERROR","message":"Request Error","data":{"method":"GET","url":"/all-favorite-sounds","statusCode":400,"duration":"3ms","headers":{"authorization":"Bearer ***"},"body":null,"files":null}}
{"timestamp":"2025-09-11T15:24:55.076Z","level":"ERROR","message":"JWT verification failed","data":{"error":"invalid signature","path":"/getSingleUser/68839e80b2670f69734c5875"}}
{"timestamp":"2025-09-11T15:24:55.076Z","level":"ERROR","message":"Request Error","data":{"method":"GET","url":"/getSingleUser/68839e80b2670f69734c5875","statusCode":400,"duration":"1ms","headers":{"authorization":"Bearer ***"},"body":null,"files":null}}
{"timestamp":"2025-09-11T15:25:43.101Z","level":"ERROR","message":"JWT verification failed","data":{"error":"invalid signature","path":"/popular-today"}}
{"timestamp":"2025-09-11T15:25:43.102Z","level":"ERROR","message":"Request Error","data":{"method":"GET","url":"/popular-today","statusCode":400,"duration":"2ms","headers":{"authorization":"Bearer ***"},"body":null,"files":null}}
{"timestamp":"2025-09-11T15:25:43.121Z","level":"ERROR","message":"JWT verification failed","data":{"error":"invalid signature","path":"/all-playlist/68839e80b2670f69734c5875"}}
{"timestamp":"2025-09-11T15:25:43.124Z","level":"ERROR","message":"Request Error","data":{"method":"GET","url":"/all-playlist/68839e80b2670f69734c5875","statusCode":400,"duration":"17ms","headers":{"authorization":"Bearer ***"},"body":null,"files":null}}
{"timestamp":"2025-09-11T15:25:43.176Z","level":"ERROR","message":"JWT verification failed","data":{"error":"invalid signature","path":"/popular-today"}}
{"timestamp":"2025-09-11T15:25:43.182Z","level":"ERROR","message":"Request Error","data":{"method":"GET","url":"/popular-today","statusCode":400,"duration":"15ms","headers":{"authorization":"Bearer ***"},"body":null,"files":null}}
{"timestamp":"2025-09-11T15:25:43.347Z","level":"ERROR","message":"JWT verification failed","data":{"error":"invalid signature","path":"/all-playlist/68839e80b2670f69734c5875"}}
{"timestamp":"2025-09-11T15:25:43.348Z","level":"ERROR","message":"Request Error","data":{"method":"GET","url":"/all-playlist/68839e80b2670f69734c5875","statusCode":400,"duration":"5ms","headers":{"authorization":"Bearer ***"},"body":null,"files":null}}
{"timestamp":"2025-09-11T15:25:43.358Z","level":"ERROR","message":"JWT verification failed","data":{"error":"invalid signature","path":"/popular-today"}}
{"timestamp":"2025-09-11T15:25:43.367Z","level":"ERROR","message":"Request Error","data":{"method":"GET","url":"/popular-today","statusCode":400,"duration":"11ms","headers":{"authorization":"Bearer ***"},"body":null,"files":null}}
{"timestamp":"2025-09-11T15:25:43.452Z","level":"ERROR","message":"JWT verification failed","data":{"error":"invalid signature","path":"/all-playlist/68839e80b2670f69734c5875"}}
{"timestamp":"2025-09-11T15:25:43.452Z","level":"ERROR","message":"Request Error","data":{"method":"GET","url":"/all-playlist/68839e80b2670f69734c5875","statusCode":400,"duration":"1ms","headers":{"authorization":"Bearer ***"},"body":null,"files":null}}
{"timestamp":"2025-09-11T15:25:43.456Z","level":"ERROR","message":"JWT verification failed","data":{"error":"invalid signature","path":"/recently-played/68839e80b2670f69734c5875"}}
{"timestamp":"2025-09-11T15:25:43.457Z","level":"ERROR","message":"Request Error","data":{"method":"GET","url":"/recently-played/68839e80b2670f69734c5875","statusCode":400,"duration":"3ms","headers":{"authorization":"Bearer ***"},"body":null,"files":null}}
{"timestamp":"2025-09-11T15:25:43.461Z","level":"ERROR","message":"JWT verification failed","data":{"error":"invalid signature","path":"/all-favorite-sounds"}}
{"timestamp":"2025-09-11T15:25:43.461Z","level":"ERROR","message":"Request Error","data":{"method":"GET","url":"/all-favorite-sounds","statusCode":400,"duration":"2ms","headers":{"authorization":"Bearer ***"},"body":null,"files":null}}
{"timestamp":"2025-09-11T15:25:43.467Z","level":"ERROR","message":"JWT verification failed","data":{"error":"invalid signature","path":"/recently-played/68839e80b2670f69734c5875"}}
{"timestamp":"2025-09-11T15:25:43.472Z","level":"ERROR","message":"Request Error","data":{"method":"GET","url":"/recently-played/68839e80b2670f69734c5875","statusCode":400,"duration":"8ms","headers":{"authorization":"Bearer ***"},"body":null,"files":null}}
{"timestamp":"2025-09-11T15:25:43.579Z","level":"ERROR","message":"JWT verification failed","data":{"error":"invalid signature","path":"/all-favorite-sounds"}}
{"timestamp":"2025-09-11T15:25:43.580Z","level":"ERROR","message":"Request Error","data":{"method":"GET","url":"/all-favorite-sounds","statusCode":400,"duration":"2ms","headers":{"authorization":"Bearer ***"},"body":null,"files":null}}
{"timestamp":"2025-09-11T15:25:43.605Z","level":"ERROR","message":"JWT verification failed","data":{"error":"invalid signature","path":"/recently-played/68839e80b2670f69734c5875"}}
{"timestamp":"2025-09-11T15:25:43.607Z","level":"ERROR","message":"Request Error","data":{"method":"GET","url":"/recently-played/68839e80b2670f69734c5875","statusCode":400,"duration":"5ms","headers":{"authorization":"Bearer ***"},"body":null,"files":null}}
{"timestamp":"2025-09-11T15:25:43.645Z","level":"ERROR","message":"JWT verification failed","data":{"error":"invalid signature","path":"/recently-played/68839e80b2670f69734c5875"}}
{"timestamp":"2025-09-11T15:25:43.646Z","level":"ERROR","message":"Request Error","data":{"method":"GET","url":"/recently-played/68839e80b2670f69734c5875","statusCode":400,"duration":"2ms","headers":{"authorization":"Bearer ***"},"body":null,"files":null}}
{"timestamp":"2025-09-11T15:25:43.676Z","level":"ERROR","message":"JWT verification failed","data":{"error":"invalid signature","path":"/all-favorite-sounds"}}
{"timestamp":"2025-09-11T15:25:43.676Z","level":"ERROR","message":"Request Error","data":{"method":"GET","url":"/all-favorite-sounds","statusCode":400,"duration":"2ms","headers":{"authorization":"Bearer ***"},"body":null,"files":null}}
{"timestamp":"2025-09-11T15:25:45.086Z","level":"ERROR","message":"JWT verification failed","data":{"error":"invalid signature","path":"/getSingleUser/68839e80b2670f69734c5875"}}
{"timestamp":"2025-09-11T15:25:45.087Z","level":"ERROR","message":"Request Error","data":{"method":"GET","url":"/getSingleUser/68839e80b2670f69734c5875","statusCode":400,"duration":"3ms","headers":{"authorization":"Bearer ***"},"body":null,"files":null}}
{"timestamp":"2025-09-11T15:25:45.497Z","level":"ERROR","message":"JWT verification failed","data":{"error":"invalid signature","path":"/popular-today"}}
{"timestamp":"2025-09-11T15:25:45.498Z","level":"ERROR","message":"Request Error","data":{"method":"GET","url":"/popular-today","statusCode":400,"duration":"3ms","headers":{"authorization":"Bearer ***"},"body":null,"files":null}}
{"timestamp":"2025-09-11T15:25:45.510Z","level":"ERROR","message":"JWT verification failed","data":{"error":"invalid signature","path":"/all-playlist/68839e80b2670f69734c5875"}}
{"timestamp":"2025-09-11T15:25:45.510Z","level":"ERROR","message":"Request Error","data":{"method":"GET","url":"/all-playlist/68839e80b2670f69734c5875","statusCode":400,"duration":"2ms","headers":{"authorization":"Bearer ***"},"body":null,"files":null}}
{"timestamp":"2025-09-11T15:25:45.536Z","level":"ERROR","message":"JWT verification failed","data":{"error":"invalid signature","path":"/popular-today"}}
{"timestamp":"2025-09-11T15:25:45.537Z","level":"ERROR","message":"Request Error","data":{"method":"GET","url":"/popular-today","statusCode":400,"duration":"4ms","headers":{"authorization":"Bearer ***"},"body":null,"files":null}}
{"timestamp":"2025-09-11T15:25:45.729Z","level":"ERROR","message":"JWT verification failed","data":{"error":"invalid signature","path":"/all-playlist/68839e80b2670f69734c5875"}}
{"timestamp":"2025-09-11T15:25:45.730Z","level":"ERROR","message":"Request Error","data":{"method":"GET","url":"/all-playlist/68839e80b2670f69734c5875","statusCode":400,"duration":"2ms","headers":{"authorization":"Bearer ***"},"body":null,"files":null}}
{"timestamp":"2025-09-11T15:25:45.759Z","level":"ERROR","message":"JWT verification failed","data":{"error":"invalid signature","path":"/popular-today"}}
{"timestamp":"2025-09-11T15:25:45.760Z","level":"ERROR","message":"Request Error","data":{"method":"GET","url":"/popular-today","statusCode":400,"duration":"8ms","headers":{"authorization":"Bearer ***"},"body":null,"files":null}}
{"timestamp":"2025-09-11T15:25:45.803Z","level":"ERROR","message":"JWT verification failed","data":{"error":"invalid signature","path":"/all-playlist/68839e80b2670f69734c5875"}}
{"timestamp":"2025-09-11T15:25:45.806Z","level":"ERROR","message":"Request Error","data":{"method":"GET","url":"/all-playlist/68839e80b2670f69734c5875","statusCode":400,"duration":"6ms","headers":{"authorization":"Bearer ***"},"body":null,"files":null}}
{"timestamp":"2025-09-11T15:25:45.811Z","level":"ERROR","message":"JWT verification failed","data":{"error":"invalid signature","path":"/recently-played/68839e80b2670f69734c5875"}}
{"timestamp":"2025-09-11T15:25:45.812Z","level":"ERROR","message":"Request Error","data":{"method":"GET","url":"/recently-played/68839e80b2670f69734c5875","statusCode":400,"duration":"2ms","headers":{"authorization":"Bearer ***"},"body":null,"files":null}}
{"timestamp":"2025-09-11T15:25:45.823Z","level":"ERROR","message":"JWT verification failed","data":{"error":"invalid signature","path":"/all-favorite-sounds"}}
{"timestamp":"2025-09-11T15:25:45.824Z","level":"ERROR","message":"Request Error","data":{"method":"GET","url":"/all-favorite-sounds","statusCode":400,"duration":"6ms","headers":{"authorization":"Bearer ***"},"body":null,"files":null}}
{"timestamp":"2025-09-11T15:25:45.835Z","level":"ERROR","message":"JWT verification failed","data":{"error":"invalid signature","path":"/recently-played/68839e80b2670f69734c5875"}}
{"timestamp":"2025-09-11T15:25:45.835Z","level":"ERROR","message":"Request Error","data":{"method":"GET","url":"/recently-played/68839e80b2670f69734c5875","statusCode":400,"duration":"9ms","headers":{"authorization":"Bearer ***"},"body":null,"files":null}}
{"timestamp":"2025-09-11T15:25:46.008Z","level":"ERROR","message":"JWT verification failed","data":{"error":"invalid signature","path":"/all-favorite-sounds"}}
{"timestamp":"2025-09-11T15:25:46.009Z","level":"ERROR","message":"Request Error","data":{"method":"GET","url":"/all-favorite-sounds","statusCode":400,"duration":"1ms","headers":{"authorization":"Bearer ***"},"body":null,"files":null}}
{"timestamp":"2025-09-11T15:25:46.013Z","level":"ERROR","message":"JWT verification failed","data":{"error":"invalid signature","path":"/recently-played/68839e80b2670f69734c5875"}}
{"timestamp":"2025-09-11T15:25:46.013Z","level":"ERROR","message":"Request Error","data":{"method":"GET","url":"/recently-played/68839e80b2670f69734c5875","statusCode":400,"duration":"1ms","headers":{"authorization":"Bearer ***"},"body":null,"files":null}}
{"timestamp":"2025-09-11T15:25:46.042Z","level":"ERROR","message":"JWT verification failed","data":{"error":"invalid signature","path":"/recently-played/68839e80b2670f69734c5875"}}
{"timestamp":"2025-09-11T15:25:46.043Z","level":"ERROR","message":"Request Error","data":{"method":"GET","url":"/recently-played/68839e80b2670f69734c5875","statusCode":400,"duration":"1ms","headers":{"authorization":"Bearer ***"},"body":null,"files":null}}
{"timestamp":"2025-09-11T15:25:46.069Z","level":"ERROR","message":"JWT verification failed","data":{"error":"invalid signature","path":"/all-favorite-sounds"}}
{"timestamp":"2025-09-11T15:25:46.071Z","level":"ERROR","message":"Request Error","data":{"method":"GET","url":"/all-favorite-sounds","statusCode":400,"duration":"3ms","headers":{"authorization":"Bearer ***"},"body":null,"files":null}}
{"timestamp":"2025-09-11T15:25:47.492Z","level":"ERROR","message":"JWT verification failed","data":{"error":"invalid signature","path":"/getSingleUser/68839e80b2670f69734c5875"}}
{"timestamp":"2025-09-11T15:25:47.492Z","level":"ERROR","message":"Request Error","data":{"method":"GET","url":"/getSingleUser/68839e80b2670f69734c5875","statusCode":400,"duration":"1ms","headers":{"authorization":"Bearer ***"},"body":null,"files":null}}
{"timestamp":"2025-09-11T15:26:45.917Z","level":"ERROR","message":"JWT verification failed","data":{"error":"invalid signature","path":"/popular-today"}}
{"timestamp":"2025-09-11T15:26:45.918Z","level":"ERROR","message":"Request Error","data":{"method":"GET","url":"/popular-today","statusCode":400,"duration":"2ms","headers":{"authorization":"Bearer ***"},"body":null,"files":null}}
{"timestamp":"2025-09-11T15:26:45.946Z","level":"ERROR","message":"JWT verification failed","data":{"error":"invalid signature","path":"/all-playlist/68839e80b2670f69734c5875"}}
{"timestamp":"2025-09-11T15:26:45.948Z","level":"ERROR","message":"Request Error","data":{"method":"GET","url":"/all-playlist/68839e80b2670f69734c5875","statusCode":400,"duration":"4ms","headers":{"authorization":"Bearer ***"},"body":null,"files":null}}
{"timestamp":"2025-09-11T15:26:45.963Z","level":"ERROR","message":"JWT verification failed","data":{"error":"invalid signature","path":"/popular-today"}}
{"timestamp":"2025-09-11T15:26:45.964Z","level":"ERROR","message":"Request Error","data":{"method":"GET","url":"/popular-today","statusCode":400,"duration":"2ms","headers":{"authorization":"Bearer ***"},"body":null,"files":null}}
{"timestamp":"2025-09-11T15:26:46.170Z","level":"ERROR","message":"JWT verification failed","data":{"error":"invalid signature","path":"/all-playlist/68839e80b2670f69734c5875"}}
{"timestamp":"2025-09-11T15:26:46.171Z","level":"ERROR","message":"Request Error","data":{"method":"GET","url":"/all-playlist/68839e80b2670f69734c5875","statusCode":400,"duration":"5ms","headers":{"authorization":"Bearer ***"},"body":null,"files":null}}
{"timestamp":"2025-09-11T15:26:46.222Z","level":"ERROR","message":"JWT verification failed","data":{"error":"invalid signature","path":"/popular-today"}}
{"timestamp":"2025-09-11T15:26:46.222Z","level":"ERROR","message":"Request Error","data":{"method":"GET","url":"/popular-today","statusCode":400,"duration":"3ms","headers":{"authorization":"Bearer ***"},"body":null,"files":null}}
{"timestamp":"2025-09-11T15:26:46.249Z","level":"ERROR","message":"JWT verification failed","data":{"error":"invalid signature","path":"/all-playlist/68839e80b2670f69734c5875"}}
{"timestamp":"2025-09-11T15:26:46.249Z","level":"ERROR","message":"Request Error","data":{"method":"GET","url":"/all-playlist/68839e80b2670f69734c5875","statusCode":400,"duration":"2ms","headers":{"authorization":"Bearer ***"},"body":null,"files":null}}
{"timestamp":"2025-09-11T15:26:46.264Z","level":"ERROR","message":"JWT verification failed","data":{"error":"invalid signature","path":"/recently-played/68839e80b2670f69734c5875"}}
{"timestamp":"2025-09-11T15:26:46.264Z","level":"ERROR","message":"Request Error","data":{"method":"GET","url":"/recently-played/68839e80b2670f69734c5875","statusCode":400,"duration":"1ms","headers":{"authorization":"Bearer ***"},"body":null,"files":null}}
{"timestamp":"2025-09-11T15:26:46.273Z","level":"ERROR","message":"JWT verification failed","data":{"error":"invalid signature","path":"/all-favorite-sounds"}}
{"timestamp":"2025-09-11T15:26:46.282Z","level":"ERROR","message":"Request Error","data":{"method":"GET","url":"/all-favorite-sounds","statusCode":400,"duration":"8ms","headers":{"authorization":"Bearer ***"},"body":null,"files":null}}
{"timestamp":"2025-09-11T15:26:46.294Z","level":"ERROR","message":"JWT verification failed","data":{"error":"invalid signature","path":"/recently-played/68839e80b2670f69734c5875"}}
{"timestamp":"2025-09-11T15:26:46.300Z","level":"ERROR","message":"Request Error","data":{"method":"GET","url":"/recently-played/68839e80b2670f69734c5875","statusCode":400,"duration":"8ms","headers":{"authorization":"Bearer ***"},"body":null,"files":null}}
{"timestamp":"2025-09-11T15:26:46.636Z","level":"ERROR","message":"JWT verification failed","data":{"error":"invalid signature","path":"/all-favorite-sounds"}}
{"timestamp":"2025-09-11T15:26:46.642Z","level":"ERROR","message":"Request Error","data":{"method":"GET","url":"/all-favorite-sounds","statusCode":400,"duration":"7ms","headers":{"authorization":"Bearer ***"},"body":null,"files":null}}
{"timestamp":"2025-09-11T15:26:46.663Z","level":"ERROR","message":"JWT verification failed","data":{"error":"invalid signature","path":"/recently-played/68839e80b2670f69734c5875"}}
{"timestamp":"2025-09-11T15:26:46.684Z","level":"ERROR","message":"Request Error","data":{"method":"GET","url":"/recently-played/68839e80b2670f69734c5875","statusCode":400,"duration":"32ms","headers":{"authorization":"Bearer ***"},"body":null,"files":null}}
{"timestamp":"2025-09-11T15:26:46.801Z","level":"ERROR","message":"JWT verification failed","data":{"error":"invalid signature","path":"/recently-played/68839e80b2670f69734c5875"}}
{"timestamp":"2025-09-11T15:26:46.811Z","level":"ERROR","message":"Request Error","data":{"method":"GET","url":"/recently-played/68839e80b2670f69734c5875","statusCode":400,"duration":"64ms","headers":{"authorization":"Bearer ***"},"body":null,"files":null}}
{"timestamp":"2025-09-11T15:26:46.843Z","level":"ERROR","message":"JWT verification failed","data":{"error":"invalid signature","path":"/all-favorite-sounds"}}
{"timestamp":"2025-09-11T15:26:46.844Z","level":"ERROR","message":"Request Error","data":{"method":"GET","url":"/all-favorite-sounds","statusCode":400,"duration":"2ms","headers":{"authorization":"Bearer ***"},"body":null,"files":null}}
{"timestamp":"2025-09-11T15:26:47.363Z","level":"ERROR","message":"JWT verification failed","data":{"error":"invalid signature","path":"/popular-today"}}
{"timestamp":"2025-09-11T15:26:47.365Z","level":"ERROR","message":"Request Error","data":{"method":"GET","url":"/popular-today","statusCode":400,"duration":"2ms","headers":{"authorization":"Bearer ***"},"body":null,"files":null}}
{"timestamp":"2025-09-11T15:26:47.385Z","level":"ERROR","message":"JWT verification failed","data":{"error":"invalid signature","path":"/all-playlist/68839e80b2670f69734c5875"}}
{"timestamp":"2025-09-11T15:26:47.386Z","level":"ERROR","message":"Request Error","data":{"method":"GET","url":"/all-playlist/68839e80b2670f69734c5875","statusCode":400,"duration":"11ms","headers":{"authorization":"Bearer ***"},"body":null,"files":null}}
{"timestamp":"2025-09-11T15:26:47.408Z","level":"ERROR","message":"JWT verification failed","data":{"error":"invalid signature","path":"/popular-today"}}
{"timestamp":"2025-09-11T15:26:47.409Z","level":"ERROR","message":"Request Error","data":{"method":"GET","url":"/popular-today","statusCode":400,"duration":"10ms","headers":{"authorization":"Bearer ***"},"body":null,"files":null}}
{"timestamp":"2025-09-11T15:26:47.615Z","level":"ERROR","message":"JWT verification failed","data":{"error":"invalid signature","path":"/all-playlist/68839e80b2670f69734c5875"}}
{"timestamp":"2025-09-11T15:26:47.615Z","level":"ERROR","message":"Request Error","data":{"method":"GET","url":"/all-playlist/68839e80b2670f69734c5875","statusCode":400,"duration":"1ms","headers":{"authorization":"Bearer ***"},"body":null,"files":null}}
{"timestamp":"2025-09-11T15:26:47.621Z","level":"ERROR","message":"JWT verification failed","data":{"error":"invalid signature","path":"/popular-today"}}
{"timestamp":"2025-09-11T15:26:47.623Z","level":"ERROR","message":"Request Error","data":{"method":"GET","url":"/popular-today","statusCode":400,"duration":"5ms","headers":{"authorization":"Bearer ***"},"body":null,"files":null}}
{"timestamp":"2025-09-11T15:26:47.677Z","level":"ERROR","message":"JWT verification failed","data":{"error":"invalid signature","path":"/all-playlist/68839e80b2670f69734c5875"}}
{"timestamp":"2025-09-11T15:26:47.678Z","level":"ERROR","message":"Request Error","data":{"method":"GET","url":"/all-playlist/68839e80b2670f69734c5875","statusCode":400,"duration":"3ms","headers":{"authorization":"Bearer ***"},"body":null,"files":null}}
{"timestamp":"2025-09-11T15:26:47.683Z","level":"ERROR","message":"JWT verification failed","data":{"error":"invalid signature","path":"/recently-played/68839e80b2670f69734c5875"}}
{"timestamp":"2025-09-11T15:26:47.684Z","level":"ERROR","message":"Request Error","data":{"method":"GET","url":"/recently-played/68839e80b2670f69734c5875","statusCode":400,"duration":"2ms","headers":{"authorization":"Bearer ***"},"body":null,"files":null}}
{"timestamp":"2025-09-11T15:26:47.713Z","level":"ERROR","message":"JWT verification failed","data":{"error":"invalid signature","path":"/all-favorite-sounds"}}
{"timestamp":"2025-09-11T15:26:47.715Z","level":"ERROR","message":"Request Error","data":{"method":"GET","url":"/all-favorite-sounds","statusCode":400,"duration":"6ms","headers":{"authorization":"Bearer ***"},"body":null,"files":null}}
{"timestamp":"2025-09-11T15:26:47.731Z","level":"ERROR","message":"JWT verification failed","data":{"error":"invalid signature","path":"/recently-played/68839e80b2670f69734c5875"}}
{"timestamp":"2025-09-11T15:26:47.732Z","level":"ERROR","message":"Request Error","data":{"method":"GET","url":"/recently-played/68839e80b2670f69734c5875","statusCode":400,"duration":"11ms","headers":{"authorization":"Bearer ***"},"body":null,"files":null}}
{"timestamp":"2025-09-11T15:26:48.100Z","level":"ERROR","message":"JWT verification failed","data":{"error":"invalid signature","path":"/all-favorite-sounds"}}
{"timestamp":"2025-09-11T15:26:48.100Z","level":"ERROR","message":"Request Error","data":{"method":"GET","url":"/all-favorite-sounds","statusCode":400,"duration":"2ms","headers":{"authorization":"Bearer ***"},"body":null,"files":null}}
{"timestamp":"2025-09-11T15:26:48.105Z","level":"ERROR","message":"JWT verification failed","data":{"error":"invalid signature","path":"/recently-played/68839e80b2670f69734c5875"}}
{"timestamp":"2025-09-11T15:26:48.106Z","level":"ERROR","message":"Request Error","data":{"method":"GET","url":"/recently-played/68839e80b2670f69734c5875","statusCode":400,"duration":"2ms","headers":{"authorization":"Bearer ***"},"body":null,"files":null}}
{"timestamp":"2025-09-11T15:26:48.112Z","level":"ERROR","message":"JWT verification failed","data":{"error":"invalid signature","path":"/recently-played/68839e80b2670f69734c5875"}}
{"timestamp":"2025-09-11T15:26:48.113Z","level":"ERROR","message":"Request Error","data":{"method":"GET","url":"/recently-played/68839e80b2670f69734c5875","statusCode":400,"duration":"2ms","headers":{"authorization":"Bearer ***"},"body":null,"files":null}}
{"timestamp":"2025-09-11T15:26:48.127Z","level":"ERROR","message":"JWT verification failed","data":{"error":"invalid signature","path":"/all-favorite-sounds"}}
{"timestamp":"2025-09-11T15:26:48.129Z","level":"ERROR","message":"Request Error","data":{"method":"GET","url":"/all-favorite-sounds","statusCode":400,"duration":"6ms","headers":{"authorization":"Bearer ***"},"body":null,"files":null}}
{"timestamp":"2025-09-11T15:26:49.350Z","level":"ERROR","message":"JWT verification failed","data":{"error":"invalid signature","path":"/getSingleUser/68839e80b2670f69734c5875"}}
{"timestamp":"2025-09-11T15:26:49.350Z","level":"ERROR","message":"Request Error","data":{"method":"GET","url":"/getSingleUser/68839e80b2670f69734c5875","statusCode":400,"duration":"1ms","headers":{"authorization":"Bearer ***"},"body":null,"files":null}}
{"timestamp":"2025-09-11T15:30:53.082Z","level":"ERROR","message":"JWT verification failed","data":{"error":"invalid signature","path":"/all-playlist/68839e80b2670f69734c5875"}}
{"timestamp":"2025-09-11T15:30:53.100Z","level":"ERROR","message":"Request Error","data":{"method":"GET","url":"/all-playlist/68839e80b2670f69734c5875","statusCode":400,"duration":"21ms","headers":{"authorization":"Bearer ***"},"body":null,"files":null}}
{"timestamp":"2025-09-11T15:30:53.114Z","level":"ERROR","message":"JWT verification failed","data":{"error":"invalid signature","path":"/popular-today"}}
{"timestamp":"2025-09-11T15:30:53.123Z","level":"ERROR","message":"Request Error","data":{"method":"GET","url":"/popular-today","statusCode":400,"duration":"14ms","headers":{"authorization":"Bearer ***"},"body":null,"files":null}}
{"timestamp":"2025-09-11T15:30:53.175Z","level":"ERROR","message":"JWT verification failed","data":{"error":"invalid signature","path":"/popular-today"}}
{"timestamp":"2025-09-11T15:30:53.178Z","level":"ERROR","message":"Request Error","data":{"method":"GET","url":"/popular-today","statusCode":400,"duration":"5ms","headers":{"authorization":"Bearer ***"},"body":null,"files":null}}
{"timestamp":"2025-09-11T15:30:53.459Z","level":"ERROR","message":"JWT verification failed","data":{"error":"invalid signature","path":"/all-playlist/68839e80b2670f69734c5875"}}
{"timestamp":"2025-09-11T15:30:53.459Z","level":"ERROR","message":"Request Error","data":{"method":"GET","url":"/all-playlist/68839e80b2670f69734c5875","statusCode":400,"duration":"27ms","headers":{"authorization":"Bearer ***"},"body":null,"files":null}}
{"timestamp":"2025-09-11T15:30:53.481Z","level":"ERROR","message":"JWT verification failed","data":{"error":"invalid signature","path":"/popular-today"}}
{"timestamp":"2025-09-11T15:30:53.482Z","level":"ERROR","message":"Request Error","data":{"method":"GET","url":"/popular-today","statusCode":400,"duration":"5ms","headers":{"authorization":"Bearer ***"},"body":null,"files":null}}
{"timestamp":"2025-09-11T15:30:53.492Z","level":"ERROR","message":"JWT verification failed","data":{"error":"invalid signature","path":"/all-playlist/68839e80b2670f69734c5875"}}
{"timestamp":"2025-09-11T15:30:53.493Z","level":"ERROR","message":"Request Error","data":{"method":"GET","url":"/all-playlist/68839e80b2670f69734c5875","statusCode":400,"duration":"3ms","headers":{"authorization":"Bearer ***"},"body":null,"files":null}}
{"timestamp":"2025-09-11T15:30:53.512Z","level":"ERROR","message":"JWT verification failed","data":{"error":"invalid signature","path":"/all-favorite-sounds"}}
{"timestamp":"2025-09-11T15:30:53.516Z","level":"ERROR","message":"Request Error","data":{"method":"GET","url":"/all-favorite-sounds","statusCode":400,"duration":"7ms","headers":{"authorization":"Bearer ***"},"body":null,"files":null}}
{"timestamp":"2025-09-11T15:30:53.544Z","level":"ERROR","message":"JWT verification failed","data":{"error":"invalid signature","path":"/recently-played/68839e80b2670f69734c5875"}}
{"timestamp":"2025-09-11T15:30:53.550Z","level":"ERROR","message":"Request Error","data":{"method":"GET","url":"/recently-played/68839e80b2670f69734c5875","statusCode":400,"duration":"19ms","headers":{"authorization":"Bearer ***"},"body":null,"files":null}}
{"timestamp":"2025-09-11T15:30:53.593Z","level":"ERROR","message":"JWT verification failed","data":{"error":"invalid signature","path":"/recently-played/68839e80b2670f69734c5875"}}
{"timestamp":"2025-09-11T15:30:53.596Z","level":"ERROR","message":"Request Error","data":{"method":"GET","url":"/recently-played/68839e80b2670f69734c5875","statusCode":400,"duration":"17ms","headers":{"authorization":"Bearer ***"},"body":null,"files":null}}
{"timestamp":"2025-09-11T15:30:53.675Z","level":"ERROR","message":"JWT verification failed","data":{"error":"invalid signature","path":"/all-favorite-sounds"}}
{"timestamp":"2025-09-11T15:30:53.675Z","level":"ERROR","message":"Request Error","data":{"method":"GET","url":"/all-favorite-sounds","statusCode":400,"duration":"1ms","headers":{"authorization":"Bearer ***"},"body":null,"files":null}}
{"timestamp":"2025-09-11T15:30:53.718Z","level":"ERROR","message":"JWT verification failed","data":{"error":"invalid signature","path":"/recently-played/68839e80b2670f69734c5875"}}
{"timestamp":"2025-09-11T15:30:53.727Z","level":"ERROR","message":"Request Error","data":{"method":"GET","url":"/recently-played/68839e80b2670f69734c5875","statusCode":400,"duration":"11ms","headers":{"authorization":"Bearer ***"},"body":null,"files":null}}
{"timestamp":"2025-09-11T15:30:53.766Z","level":"ERROR","message":"JWT verification failed","data":{"error":"invalid signature","path":"/recently-played/68839e80b2670f69734c5875"}}
{"timestamp":"2025-09-11T15:30:53.767Z","level":"ERROR","message":"Request Error","data":{"method":"GET","url":"/recently-played/68839e80b2670f69734c5875","statusCode":400,"duration":"2ms","headers":{"authorization":"Bearer ***"},"body":null,"files":null}}
{"timestamp":"2025-09-11T15:30:53.772Z","level":"ERROR","message":"JWT verification failed","data":{"error":"invalid signature","path":"/all-favorite-sounds"}}
{"timestamp":"2025-09-11T15:30:53.775Z","level":"ERROR","message":"Request Error","data":{"method":"GET","url":"/all-favorite-sounds","statusCode":400,"duration":"8ms","headers":{"authorization":"Bearer ***"},"body":null,"files":null}}
{"timestamp":"2025-09-11T15:35:13.548Z","level":"INFO","message":"User account status","data":{"_id":"6892f606e04b58a7ba63f1d6","firstname":"Aremu Olakunle","lastname":"Umaru","email":"colakunleumaru@gmail.com","password":"12345678","role":"user","status":"active","isEmailVerified":false,"isPro":true,"profileUpdateCount":0,"createdAt":"2025-08-06T06:28:22.505Z","updatedAt":"2025-09-10T13:18:15.638Z","__v":0,"requestDeletionExpires":"2025-08-18T13:12:08.175Z","requestDeletionOTP":"1214","activationMode":"code","proExpiresAt":"2025-10-10T13:18:15.412Z","stripeCustomerId":"cus_T1rdYTW0ssgnuc"}}
{"timestamp":"2025-09-11T15:35:13.557Z","level":"INFO","message":"User account status","data":{"_id":"6892f606e04b58a7ba63f1d6","firstname":"Aremu Olakunle","lastname":"Umaru","email":"colakunleumaru@gmail.com","password":"12345678","role":"user","status":"active","isEmailVerified":false,"isPro":true,"profileUpdateCount":0,"createdAt":"2025-08-06T06:28:22.505Z","updatedAt":"2025-09-10T13:18:15.638Z","__v":0,"requestDeletionExpires":"2025-08-18T13:12:08.175Z","requestDeletionOTP":"1214","activationMode":"code","proExpiresAt":"2025-10-10T13:18:15.412Z","stripeCustomerId":"cus_T1rdYTW0ssgnuc"}}
{"timestamp":"2025-09-11T15:35:13.789Z","level":"INFO","message":"User account status","data":{"_id":"6892f606e04b58a7ba63f1d6","firstname":"Aremu Olakunle","lastname":"Umaru","email":"colakunleumaru@gmail.com","password":"12345678","role":"user","status":"active","isEmailVerified":false,"isPro":true,"profileUpdateCount":0,"createdAt":"2025-08-06T06:28:22.505Z","updatedAt":"2025-09-10T13:18:15.638Z","__v":0,"requestDeletionExpires":"2025-08-18T13:12:08.175Z","requestDeletionOTP":"1214","activationMode":"code","proExpiresAt":"2025-10-10T13:18:15.412Z","stripeCustomerId":"cus_T1rdYTW0ssgnuc"}}
{"timestamp":"2025-09-11T15:35:14.039Z","level":"INFO","message":"User account status","data":{"_id":"6892f606e04b58a7ba63f1d6","firstname":"Aremu Olakunle","lastname":"Umaru","email":"colakunleumaru@gmail.com","password":"12345678","role":"user","status":"active","isEmailVerified":false,"isPro":true,"profileUpdateCount":0,"createdAt":"2025-08-06T06:28:22.505Z","updatedAt":"2025-09-10T13:18:15.638Z","__v":0,"requestDeletionExpires":"2025-08-18T13:12:08.175Z","requestDeletionOTP":"1214","activationMode":"code","proExpiresAt":"2025-10-10T13:18:15.412Z","stripeCustomerId":"cus_T1rdYTW0ssgnuc"}}
{"timestamp":"2025-09-11T15:35:14.064Z","level":"INFO","message":"User account status","data":{"_id":"6892f606e04b58a7ba63f1d6","firstname":"Aremu Olakunle","lastname":"Umaru","email":"colakunleumaru@gmail.com","password":"12345678","role":"user","status":"active","isEmailVerified":false,"isPro":true,"profileUpdateCount":0,"createdAt":"2025-08-06T06:28:22.505Z","updatedAt":"2025-09-10T13:18:15.638Z","__v":0,"requestDeletionExpires":"2025-08-18T13:12:08.175Z","requestDeletionOTP":"1214","activationMode":"code","proExpiresAt":"2025-10-10T13:18:15.412Z","stripeCustomerId":"cus_T1rdYTW0ssgnuc"}}
{"timestamp":"2025-09-11T15:35:14.067Z","level":"INFO","message":"User account status","data":{"_id":"6892f606e04b58a7ba63f1d6","firstname":"Aremu Olakunle","lastname":"Umaru","email":"colakunleumaru@gmail.com","password":"12345678","role":"user","status":"active","isEmailVerified":false,"isPro":true,"profileUpdateCount":0,"createdAt":"2025-08-06T06:28:22.505Z","updatedAt":"2025-09-10T13:18:15.638Z","__v":0,"requestDeletionExpires":"2025-08-18T13:12:08.175Z","requestDeletionOTP":"1214","activationMode":"code","proExpiresAt":"2025-10-10T13:18:15.412Z","stripeCustomerId":"cus_T1rdYTW0ssgnuc"}}
{"timestamp":"2025-09-11T15:35:14.086Z","level":"INFO","message":"User account status","data":{"_id":"6892f606e04b58a7ba63f1d6","firstname":"Aremu Olakunle","lastname":"Umaru","email":"colakunleumaru@gmail.com","password":"12345678","role":"user","status":"active","isEmailVerified":false,"isPro":true,"profileUpdateCount":0,"createdAt":"2025-08-06T06:28:22.505Z","updatedAt":"2025-09-10T13:18:15.638Z","__v":0,"requestDeletionExpires":"2025-08-18T13:12:08.175Z","requestDeletionOTP":"1214","activationMode":"code","proExpiresAt":"2025-10-10T13:18:15.412Z","stripeCustomerId":"cus_T1rdYTW0ssgnuc"}}
{"timestamp":"2025-09-11T15:35:14.099Z","level":"INFO","message":"User account status","data":{"_id":"6892f606e04b58a7ba63f1d6","firstname":"Aremu Olakunle","lastname":"Umaru","email":"colakunleumaru@gmail.com","password":"12345678","role":"user","status":"active","isEmailVerified":false,"isPro":true,"profileUpdateCount":0,"createdAt":"2025-08-06T06:28:22.505Z","updatedAt":"2025-09-10T13:18:15.638Z","__v":0,"requestDeletionExpires":"2025-08-18T13:12:08.175Z","requestDeletionOTP":"1214","activationMode":"code","proExpiresAt":"2025-10-10T13:18:15.412Z","stripeCustomerId":"cus_T1rdYTW0ssgnuc"}}
{"timestamp":"2025-09-11T15:35:14.615Z","level":"INFO","message":"User account status","data":{"_id":"6892f606e04b58a7ba63f1d6","firstname":"Aremu Olakunle","lastname":"Umaru","email":"colakunleumaru@gmail.com","password":"12345678","role":"user","status":"active","isEmailVerified":false,"isPro":true,"profileUpdateCount":0,"createdAt":"2025-08-06T06:28:22.505Z","updatedAt":"2025-09-10T13:18:15.638Z","__v":0,"requestDeletionExpires":"2025-08-18T13:12:08.175Z","requestDeletionOTP":"1214","activationMode":"code","proExpiresAt":"2025-10-10T13:18:15.412Z","stripeCustomerId":"cus_T1rdYTW0ssgnuc"}}
{"timestamp":"2025-09-11T15:35:14.624Z","level":"INFO","message":"User account status","data":{"_id":"6892f606e04b58a7ba63f1d6","firstname":"Aremu Olakunle","lastname":"Umaru","email":"colakunleumaru@gmail.com","password":"12345678","role":"user","status":"active","isEmailVerified":false,"isPro":true,"profileUpdateCount":0,"createdAt":"2025-08-06T06:28:22.505Z","updatedAt":"2025-09-10T13:18:15.638Z","__v":0,"requestDeletionExpires":"2025-08-18T13:12:08.175Z","requestDeletionOTP":"1214","activationMode":"code","proExpiresAt":"2025-10-10T13:18:15.412Z","stripeCustomerId":"cus_T1rdYTW0ssgnuc"}}
{"timestamp":"2025-09-11T15:35:15.436Z","level":"INFO","message":"User account status","data":{"_id":"6892f606e04b58a7ba63f1d6","firstname":"Aremu Olakunle","lastname":"Umaru","email":"colakunleumaru@gmail.com","password":"12345678","role":"user","status":"active","isEmailVerified":false,"isPro":true,"profileUpdateCount":0,"createdAt":"2025-08-06T06:28:22.505Z","updatedAt":"2025-09-10T13:18:15.638Z","__v":0,"requestDeletionExpires":"2025-08-18T13:12:08.175Z","requestDeletionOTP":"1214","activationMode":"code","proExpiresAt":"2025-10-10T13:18:15.412Z","stripeCustomerId":"cus_T1rdYTW0ssgnuc"}}
{"timestamp":"2025-09-11T15:35:16.462Z","level":"INFO","message":"User account status","data":{"_id":"6892f606e04b58a7ba63f1d6","firstname":"Aremu Olakunle","lastname":"Umaru","email":"colakunleumaru@gmail.com","password":"12345678","role":"user","status":"active","isEmailVerified":false,"isPro":true,"profileUpdateCount":0,"createdAt":"2025-08-06T06:28:22.505Z","updatedAt":"2025-09-10T13:18:15.638Z","__v":0,"requestDeletionExpires":"2025-08-18T13:12:08.175Z","requestDeletionOTP":"1214","activationMode":"code","proExpiresAt":"2025-10-10T13:18:15.412Z","stripeCustomerId":"cus_T1rdYTW0ssgnuc"}}
{"timestamp":"2025-09-11T15:35:16.463Z","level":"INFO","message":"User account status","data":{"_id":"6892f606e04b58a7ba63f1d6","firstname":"Aremu Olakunle","lastname":"Umaru","email":"colakunleumaru@gmail.com","password":"12345678","role":"user","status":"active","isEmailVerified":false,"isPro":true,"profileUpdateCount":0,"createdAt":"2025-08-06T06:28:22.505Z","updatedAt":"2025-09-10T13:18:15.638Z","__v":0,"requestDeletionExpires":"2025-08-18T13:12:08.175Z","requestDeletionOTP":"1214","activationMode":"code","proExpiresAt":"2025-10-10T13:18:15.412Z","stripeCustomerId":"cus_T1rdYTW0ssgnuc"}}
{"timestamp":"2025-09-11T15:35:16.710Z","level":"INFO","message":"User account status","data":{"_id":"6892f606e04b58a7ba63f1d6","firstname":"Aremu Olakunle","lastname":"Umaru","email":"colakunleumaru@gmail.com","password":"12345678","role":"user","status":"active","isEmailVerified":false,"isPro":true,"profileUpdateCount":0,"createdAt":"2025-08-06T06:28:22.505Z","updatedAt":"2025-09-10T13:18:15.638Z","__v":0,"requestDeletionExpires":"2025-08-18T13:12:08.175Z","requestDeletionOTP":"1214","activationMode":"code","proExpiresAt":"2025-10-10T13:18:15.412Z","stripeCustomerId":"cus_T1rdYTW0ssgnuc"}}
{"timestamp":"2025-09-11T15:35:16.747Z","level":"INFO","message":"User account status","data":{"_id":"6892f606e04b58a7ba63f1d6","firstname":"Aremu Olakunle","lastname":"Umaru","email":"colakunleumaru@gmail.com","password":"12345678","role":"user","status":"active","isEmailVerified":false,"isPro":true,"profileUpdateCount":0,"createdAt":"2025-08-06T06:28:22.505Z","updatedAt":"2025-09-10T13:18:15.638Z","__v":0,"requestDeletionExpires":"2025-08-18T13:12:08.175Z","requestDeletionOTP":"1214","activationMode":"code","proExpiresAt":"2025-10-10T13:18:15.412Z","stripeCustomerId":"cus_T1rdYTW0ssgnuc"}}
{"timestamp":"2025-09-11T15:35:16.748Z","level":"INFO","message":"User account status","data":{"_id":"6892f606e04b58a7ba63f1d6","firstname":"Aremu Olakunle","lastname":"Umaru","email":"colakunleumaru@gmail.com","password":"12345678","role":"user","status":"active","isEmailVerified":false,"isPro":true,"profileUpdateCount":0,"createdAt":"2025-08-06T06:28:22.505Z","updatedAt":"2025-09-10T13:18:15.638Z","__v":0,"requestDeletionExpires":"2025-08-18T13:12:08.175Z","requestDeletionOTP":"1214","activationMode":"code","proExpiresAt":"2025-10-10T13:18:15.412Z","stripeCustomerId":"cus_T1rdYTW0ssgnuc"}}
{"timestamp":"2025-09-11T15:35:17.495Z","level":"INFO","message":"User account status","data":{"_id":"6892f606e04b58a7ba63f1d6","firstname":"Aremu Olakunle","lastname":"Umaru","email":"colakunleumaru@gmail.com","password":"12345678","role":"user","status":"active","isEmailVerified":false,"isPro":true,"profileUpdateCount":0,"createdAt":"2025-08-06T06:28:22.505Z","updatedAt":"2025-09-10T13:18:15.638Z","__v":0,"requestDeletionExpires":"2025-08-18T13:12:08.175Z","requestDeletionOTP":"1214","activationMode":"code","proExpiresAt":"2025-10-10T13:18:15.412Z","stripeCustomerId":"cus_T1rdYTW0ssgnuc"}}
