{"timestamp":"2025-10-23T15:34:04.014Z","level":"INFO","message":"Server started successfully","data":{"host":"192.168.0.122","port":"8003","environment":"development","timestamp":"2025-10-23T15:34:04.014Z"}}
{"timestamp":"2025-10-23T15:36:37.717Z","level":"WARN","message":"Route not found","data":{"method":"GET","url":"/favicon.ico"}}
{"timestamp":"2025-10-23T15:36:37.790Z","level":"ERROR","message":"Request Error","data":{"method":"GET","url":"/favicon.ico","statusCode":404,"duration":"56ms","headers":{"authorization":"None"},"body":null,"files":null}}
{"timestamp":"2025-10-23T15:38:37.725Z","level":"INFO","message":"Server started successfully","data":{"host":"192.168.0.122","port":"8003","environment":"development","timestamp":"2025-10-23T15:38:37.725Z"}}
{"timestamp":"2025-10-23T15:38:43.878Z","level":"WARN","message":"Route not found","data":{"method":"GET","url":"/favicon.ico"}}
{"timestamp":"2025-10-23T15:38:43.880Z","level":"ERROR","message":"Request Error","data":{"method":"GET","url":"/favicon.ico","statusCode":404,"duration":"3ms","headers":{"authorization":"None"},"body":null,"files":null}}
{"timestamp":"2025-10-23T15:38:48.289Z","level":"INFO","message":"Server started successfully","data":{"host":"192.168.0.122","port":"8003","environment":"development","timestamp":"2025-10-23T15:38:48.289Z"}}
{"timestamp":"2025-10-23T15:38:59.732Z","level":"INFO","message":"Server started successfully","data":{"host":"192.168.0.122","port":"8003","environment":"development","timestamp":"2025-10-23T15:38:59.732Z"}}
{"timestamp":"2025-10-23T15:39:07.474Z","level":"INFO","message":"Server started successfully","data":{"host":"192.168.0.122","port":"8003","environment":"development","timestamp":"2025-10-23T15:39:07.474Z"}}
{"timestamp":"2025-10-23T15:39:12.746Z","level":"INFO","message":"Server started successfully","data":{"host":"192.168.0.122","port":"8003","environment":"development","timestamp":"2025-10-23T15:39:12.746Z"}}
{"timestamp":"2025-10-23T15:39:14.973Z","level":"INFO","message":"Server started successfully","data":{"port":"8003","environment":"development","timestamp":"2025-10-23T15:39:14.973Z"}}
{"timestamp":"2025-10-23T15:40:40.734Z","level":"WARN","message":"Route not found","data":{"method":"GET","url":"/favicon.ico"}}
{"timestamp":"2025-10-23T15:40:40.737Z","level":"ERROR","message":"Request Error","data":{"method":"GET","url":"/favicon.ico","statusCode":404,"duration":"4ms","headers":{"authorization":"None"},"body":null,"files":null}}
{"timestamp":"2025-10-23T15:42:53.690Z","level":"INFO","message":"Server started successfully","data":{"port":"8003","environment":"development","timestamp":"2025-10-23T15:42:53.689Z"}}
{"timestamp":"2025-10-23T15:42:58.663Z","level":"INFO","message":"Server started successfully","data":{"port":"8003","environment":"development","timestamp":"2025-10-23T15:42:58.663Z"}}
{"timestamp":"2025-10-23T15:44:07.540Z","level":"INFO","message":"Server started successfully","data":{"port":"8003","environment":"development","timestamp":"2025-10-23T15:44:07.540Z"}}
{"timestamp":"2025-10-23T15:44:09.650Z","level":"INFO","message":"Server started successfully","data":{"port":"8003","environment":"development","timestamp":"2025-10-23T15:44:09.650Z"}}
{"timestamp":"2025-10-23T15:44:20.533Z","level":"INFO","message":"Server started successfully","data":{"port":"8003","environment":"development","timestamp":"2025-10-23T15:44:20.533Z"}}
{"timestamp":"2025-10-23T15:44:23.729Z","level":"INFO","message":"Server started successfully","data":{"port":"8003","environment":"development","timestamp":"2025-10-23T15:44:23.729Z"}}
{"timestamp":"2025-10-23T15:44:25.879Z","level":"INFO","message":"Server started successfully","data":{"port":"8003","environment":"development","timestamp":"2025-10-23T15:44:25.879Z"}}
{"timestamp":"2025-10-23T15:44:34.192Z","level":"INFO","message":"Server started successfully","data":{"port":"8003","environment":"development","timestamp":"2025-10-23T15:44:34.191Z"}}
{"timestamp":"2025-10-23T15:44:34.918Z","level":"INFO","message":"Server started successfully","data":{"port":"8003","environment":"development","timestamp":"2025-10-23T15:44:34.918Z"}}
{"timestamp":"2025-10-23T15:45:10.926Z","level":"INFO","message":"Server started successfully","data":{"port":"8003","environment":"development","timestamp":"2025-10-23T15:45:10.926Z"}}
{"timestamp":"2025-10-23T16:31:23.443Z","level":"ERROR","message":"JWT verification failed","data":{"error":"invalid signature","path":"/popular-today"}}
{"timestamp":"2025-10-23T16:31:23.462Z","level":"ERROR","message":"Request Error","data":{"method":"GET","url":"/popular-today","statusCode":400,"duration":"88ms","headers":{"authorization":"Bearer ***"},"body":null,"files":null}}
{"timestamp":"2025-10-23T16:31:23.500Z","level":"ERROR","message":"JWT verification failed","data":{"error":"invalid signature","path":"/all-playlist/68e94adb632371a905fb91ed"}}
{"timestamp":"2025-10-23T16:31:23.500Z","level":"ERROR","message":"Request Error","data":{"method":"GET","url":"/all-playlist/68e94adb632371a905fb91ed","statusCode":400,"duration":"3ms","headers":{"authorization":"Bearer ***"},"body":null,"files":null}}
{"timestamp":"2025-10-23T16:31:23.505Z","level":"ERROR","message":"JWT verification failed","data":{"error":"invalid signature","path":"/all-playlist/68e94adb632371a905fb91ed"}}
{"timestamp":"2025-10-23T16:31:23.505Z","level":"ERROR","message":"Request Error","data":{"method":"GET","url":"/all-playlist/68e94adb632371a905fb91ed","statusCode":400,"duration":"0ms","headers":{"authorization":"Bearer ***"},"body":null,"files":null}}
{"timestamp":"2025-10-23T16:31:23.515Z","level":"ERROR","message":"JWT verification failed","data":{"error":"invalid signature","path":"/popular-today"}}
{"timestamp":"2025-10-23T16:31:23.515Z","level":"ERROR","message":"Request Error","data":{"method":"GET","url":"/popular-today","statusCode":400,"duration":"1ms","headers":{"authorization":"Bearer ***"},"body":null,"files":null}}
{"timestamp":"2025-10-23T16:31:23.694Z","level":"ERROR","message":"JWT verification failed","data":{"error":"invalid signature","path":"/getSingleUser/68e94adb632371a905fb91ed"}}
{"timestamp":"2025-10-23T16:31:23.694Z","level":"ERROR","message":"Request Error","data":{"method":"GET","url":"/getSingleUser/68e94adb632371a905fb91ed","statusCode":400,"duration":"2ms","headers":{"authorization":"Bearer ***"},"body":null,"files":null}}
{"timestamp":"2025-10-23T16:31:24.050Z","level":"ERROR","message":"JWT verification failed","data":{"error":"invalid signature","path":"/all-favorite-sounds"}}
{"timestamp":"2025-10-23T16:31:24.050Z","level":"ERROR","message":"Request Error","data":{"method":"GET","url":"/all-favorite-sounds","statusCode":400,"duration":"1ms","headers":{"authorization":"Bearer ***"},"body":null,"files":null}}
{"timestamp":"2025-10-23T16:31:24.051Z","level":"ERROR","message":"JWT verification failed","data":{"error":"invalid signature","path":"/all-favorite-sounds"}}
{"timestamp":"2025-10-23T16:31:24.052Z","level":"ERROR","message":"Request Error","data":{"method":"GET","url":"/all-favorite-sounds","statusCode":400,"duration":"1ms","headers":{"authorization":"Bearer ***"},"body":null,"files":null}}
{"timestamp":"2025-10-23T16:31:24.053Z","level":"ERROR","message":"JWT verification failed","data":{"error":"invalid signature","path":"/recently-played/68e94adb632371a905fb91ed"}}
{"timestamp":"2025-10-23T16:31:24.053Z","level":"ERROR","message":"Request Error","data":{"method":"GET","url":"/recently-played/68e94adb632371a905fb91ed","statusCode":400,"duration":"1ms","headers":{"authorization":"Bearer ***"},"body":null,"files":null}}
{"timestamp":"2025-10-23T16:31:24.054Z","level":"ERROR","message":"JWT verification failed","data":{"error":"invalid signature","path":"/recently-played/68e94adb632371a905fb91ed"}}
{"timestamp":"2025-10-23T16:31:24.054Z","level":"ERROR","message":"Request Error","data":{"method":"GET","url":"/recently-played/68e94adb632371a905fb91ed","statusCode":400,"duration":"1ms","headers":{"authorization":"Bearer ***"},"body":null,"files":null}}
{"timestamp":"2025-10-23T16:38:49.659Z","level":"ERROR","message":"Request Error","data":{"method":"POST","url":"/login","statusCode":404,"duration":"7974ms","headers":{"content-type":"application/json","authorization":"None"},"body":{"email":"colprince31@gmail.com","password":"Aremu12$"},"files":null}}
{"timestamp":"2025-10-23T16:39:13.704Z","level":"ERROR","message":"Request Error","data":{"method":"POST","url":"/apple-signin","statusCode":400,"duration":"1355ms","headers":{"content-type":"application/json","authorization":"None"},"body":{"identityToken":"eyJraWQiOiJiRnd6bGVSOHRmIiwiYWxnIjoiUlMyNTYifQ.eyJpc3MiOiJodHRwczovL2FwcGxlaWQuYXBwbGUuY29tIiwiYXVkIjoiY29tLmNvbWVhd2F5LnNsZWVwIiwiZXhwIjoxNzYxMzIzOTUxLCJpYXQiOjE3NjEyMzc1NTEsInN1YiI6IjAwMTYyMy5lNTU2MTIwYjVkMmU0OWEyYjdiOTEzOWEwNmFhZTRhNi4wMTEyIiwiY19oYXNoIjoieVA2WUFkSmttWENVY0JxYXh5RkljZyIsImVtYWlsIjoiY29scHJpbmNlQGljbG91ZC5jb20iLCJlbWFpbF92ZXJpZmllZCI6dHJ1ZSwiYXV0aF90aW1lIjoxNzYxMjM3NTUxLCJub25jZV9zdXBwb3J0ZWQiOnRydWV9.jwZxmv1_g6wkqkmpWamTjjhZ5tIY3ujWGORtqlglMsiSTbntCNYKqA3C3aJ69PLC66oWiTWCdyotopH2VwTQXL_HAbXBf_HRL4Jd4G29Gx8m38JkBV91nYwc90Wv8dj_JdEIaQ95TNkD6cYI_8YvPvo3T_8HKRr7-zuw84c4aQs9ry6uFu_EmAsz6Aa5Pun5cH40HOyT65imPJ4l5oWK1J_enfXHB-XMjb3Y2393zYqKOZZuq6S9MSHrRsm2y0ggUzXktaQV8B1r8Dk08rtb4Xumdkw-_KLW0sYST63NnbQSeYeaZIiUzCXsEdypAKbG3XUTCiMznMKIbW_j6DH4Dg","user":{"name":{"firstName":null,"lastName":null}}},"files":null}}
{"timestamp":"2025-10-23T16:52:08.633Z","level":"INFO","message":"Server started successfully","data":{"port":"8003","environment":"development","timestamp":"2025-10-23T16:52:08.633Z"}}
{"timestamp":"2025-10-23T17:05:59.608Z","level":"INFO","message":"Server started successfully","data":{"port":"8003","environment":"development","timestamp":"2025-10-23T17:05:59.608Z"}}
{"timestamp":"2025-10-23T17:06:37.100Z","level":"INFO","message":"Server started successfully","data":{"port":"8003","environment":"development","timestamp":"2025-10-23T17:06:37.100Z"}}
{"timestamp":"2025-10-23T17:08:41.446Z","level":"ERROR","message":"Request Error","data":{"method":"POST","url":"/","statusCode":500,"duration":"26ms","headers":{"content-type":"application/json","authorization":"None"},"body":{"event":{"event_timestamp_ms":1761238389241,"product_id":"com.comeaway.premium_monthly","period_type":"NORMAL","purchased_at_ms":1761238274000,"expiration_at_ms":1761238574000,"environment":"SANDBOX","entitlement_id":null,"entitlement_ids":["comeaway_plus"],"presented_offering_id":"default","transaction_id":"2000001041035462","original_transaction_id":"2000001040671303","is_family_share":false,"country_code":"NG","app_user_id":"68fa5a8bbcdba4f744bd8f94","aliases":["68fa5a8bbcdba4f744bd8f94"],"original_app_user_id":"68fa5a8bbcdba4f744bd8f94","currency":"NGN","is_trial_conversion":false,"price":6.764,"price_in_purchased_currency":9900,"subscriber_attributes":{"$attConsentStatus":{"value":"notDetermined","updated_at_ms":1761237684987}},"store":"APP_STORE","takehome_percentage":0.7,"offer_code":null,"tax_percentage":0.0698,"commission_percentage":0.2791,"metadata":null,"renewal_number":20,"type":"RENEWAL","id":"6B9CF197-27A9-4F11-8E17-C4F94F0104BA","app_id":"appe89920a6a1"},"api_version":"1.0"},"files":null}}
{"timestamp":"2025-10-23T17:09:15.632Z","level":"ERROR","message":"Request Error","data":{"method":"POST","url":"/","statusCode":500,"duration":"6ms","headers":{"content-type":"application/json","authorization":"None"},"body":{"event":{"event_timestamp_ms":1761239355018,"product_id":"com.comeaway.premium_monthly","period_type":"NORMAL","purchased_at_ms":1761239174000,"expiration_at_ms":1761239474000,"environment":"SANDBOX","entitlement_id":null,"entitlement_ids":["comeaway_plus"],"presented_offering_id":"default","transaction_id":"2000001041041841","original_transaction_id":"2000001040671303","is_family_share":false,"country_code":"NG","app_user_id":"68fa5a8bbcdba4f744bd8f94","aliases":["68fa5a8bbcdba4f744bd8f94"],"original_app_user_id":"68fa5a8bbcdba4f744bd8f94","currency":"NGN","is_trial_conversion":false,"price":6.764,"price_in_purchased_currency":9900,"subscriber_attributes":{"$attConsentStatus":{"value":"notDetermined","updated_at_ms":1761237684987}},"store":"APP_STORE","takehome_percentage":0.7,"offer_code":null,"tax_percentage":0.0698,"commission_percentage":0.2791,"metadata":null,"renewal_number":20,"type":"RENEWAL","id":"96C0F88E-14FF-4F73-AB85-7EE5C02D88C6","app_id":"appe89920a6a1"},"api_version":"1.0"},"files":null}}
{"timestamp":"2025-10-23T17:10:09.172Z","level":"ERROR","message":"Request Error","data":{"method":"POST","url":"/","statusCode":500,"duration":"4ms","headers":{"content-type":"application/json","authorization":"None"},"body":{"event":{"event_timestamp_ms":1761239061705,"product_id":"com.comeaway.premium_monthly","period_type":"NORMAL","purchased_at_ms":1761238874000,"expiration_at_ms":1761239174000,"environment":"SANDBOX","entitlement_id":null,"entitlement_ids":["comeaway_plus"],"presented_offering_id":"default","transaction_id":"2000001041039928","original_transaction_id":"2000001040671303","is_family_share":false,"country_code":"NG","app_user_id":"68fa5a8bbcdba4f744bd8f94","aliases":["68fa5a8bbcdba4f744bd8f94"],"original_app_user_id":"68fa5a8bbcdba4f744bd8f94","currency":"NGN","is_trial_conversion":false,"price":6.764,"price_in_purchased_currency":9900,"subscriber_attributes":{"$attConsentStatus":{"value":"notDetermined","updated_at_ms":1761237684987}},"store":"APP_STORE","takehome_percentage":0.7,"offer_code":null,"tax_percentage":0.0698,"commission_percentage":0.2791,"metadata":null,"renewal_number":20,"type":"RENEWAL","id":"E196C582-CF43-4911-89E1-F980EFF6E15C","app_id":"appe89920a6a1"},"api_version":"1.0"},"files":null}}
{"timestamp":"2025-10-23T17:10:47.902Z","level":"ERROR","message":"Request Error","data":{"method":"POST","url":"/","statusCode":500,"duration":"7ms","headers":{"content-type":"application/json","authorization":"None"},"body":{"event":{"event_timestamp_ms":1761239355018,"product_id":"com.comeaway.premium_monthly","period_type":"NORMAL","purchased_at_ms":1761239174000,"expiration_at_ms":1761239474000,"environment":"SANDBOX","entitlement_id":null,"entitlement_ids":["comeaway_plus"],"presented_offering_id":"default","transaction_id":"2000001041041841","original_transaction_id":"2000001040671303","is_family_share":false,"country_code":"NG","app_user_id":"68fa5a8bbcdba4f744bd8f94","aliases":["68fa5a8bbcdba4f744bd8f94"],"original_app_user_id":"68fa5a8bbcdba4f744bd8f94","currency":"NGN","is_trial_conversion":false,"price":6.764,"price_in_purchased_currency":9900,"subscriber_attributes":{"$attConsentStatus":{"value":"notDetermined","updated_at_ms":1761237684987}},"store":"APP_STORE","takehome_percentage":0.7,"offer_code":null,"tax_percentage":0.0698,"commission_percentage":0.2791,"metadata":null,"renewal_number":20,"type":"RENEWAL","id":"96C0F88E-14FF-4F73-AB85-7EE5C02D88C6","app_id":"appe89920a6a1"},"api_version":"1.0"},"files":null}}
{"timestamp":"2025-10-23T17:13:46.395Z","level":"ERROR","message":"Request Error","data":{"method":"POST","url":"/","statusCode":500,"duration":"5ms","headers":{"content-type":"application/json","authorization":"None"},"body":{"event":{"event_timestamp_ms":1761238802621,"product_id":"com.comeaway.premium_monthly","period_type":"NORMAL","purchased_at_ms":1761238574000,"expiration_at_ms":1761238874000,"environment":"SANDBOX","entitlement_id":null,"entitlement_ids":["comeaway_plus"],"presented_offering_id":"default","transaction_id":"2000001041037307","original_transaction_id":"2000001040671303","is_family_share":false,"country_code":"NG","app_user_id":"68fa5a8bbcdba4f744bd8f94","aliases":["68fa5a8bbcdba4f744bd8f94"],"original_app_user_id":"68fa5a8bbcdba4f744bd8f94","currency":"NGN","is_trial_conversion":false,"price":6.764,"price_in_purchased_currency":9900,"subscriber_attributes":{"$attConsentStatus":{"value":"notDetermined","updated_at_ms":1761237684987}},"store":"APP_STORE","takehome_percentage":0.7,"offer_code":null,"tax_percentage":0.0698,"commission_percentage":0.2791,"metadata":null,"renewal_number":null,"type":"RENEWAL","id":"64BFA6C1-05CB-424D-B6E4-E34F12B46FA6","app_id":"appe89920a6a1"},"api_version":"1.0"},"files":null}}
{"timestamp":"2025-10-23T17:13:46.573Z","level":"ERROR","message":"Request Error","data":{"method":"POST","url":"/","statusCode":500,"duration":"2ms","headers":{"content-type":"application/json","authorization":"None"},"body":{"event":{"event_timestamp_ms":1761237686588,"product_id":"com.comeaway.premium_monthly","period_type":"NORMAL","purchased_at_ms":1761237674000,"expiration_at_ms":1761237974000,"environment":"SANDBOX","entitlement_id":null,"entitlement_ids":["comeaway_plus"],"presented_offering_id":"default","transaction_id":"2000001041032841","original_transaction_id":"2000001040671303","is_family_share":false,"country_code":"NG","app_user_id":"68fa5a8bbcdba4f744bd8f94","aliases":["68fa5a8bbcdba4f744bd8f94"],"original_app_user_id":"68fa5a8bbcdba4f744bd8f94","currency":"NGN","is_trial_conversion":false,"price":6.764,"price_in_purchased_currency":9900,"subscriber_attributes":{"$attConsentStatus":{"value":"notDetermined","updated_at_ms":1761237684987}},"store":"APP_STORE","takehome_percentage":0.7,"offer_code":null,"tax_percentage":0.0698,"commission_percentage":0.2791,"metadata":null,"renewal_number":20,"type":"RENEWAL","id":"6D16DFC4-4D3C-467B-BDCD-D9F82084E18E","app_id":"appe89920a6a1"},"api_version":"1.0"},"files":null}}
{"timestamp":"2025-10-23T17:14:07.448Z","level":"INFO","message":"Server started successfully","data":{"port":"8003","environment":"development","timestamp":"2025-10-23T17:14:07.448Z"}}
{"timestamp":"2025-10-23T17:14:36.705Z","level":"INFO","message":"Server started successfully","data":{"port":"8003","environment":"development","timestamp":"2025-10-23T17:14:36.705Z"}}
{"timestamp":"2025-10-23T17:14:37.593Z","level":"INFO","message":"Server started successfully","data":{"port":"8003","environment":"development","timestamp":"2025-10-23T17:14:37.593Z"}}
{"timestamp":"2025-10-23T17:14:42.219Z","level":"INFO","message":"Server started successfully","data":{"port":"8003","environment":"development","timestamp":"2025-10-23T17:14:42.219Z"}}
{"timestamp":"2025-10-23T17:14:50.825Z","level":"INFO","message":"Server started successfully","data":{"port":"8003","environment":"development","timestamp":"2025-10-23T17:14:50.825Z"}}
{"timestamp":"2025-10-23T17:15:05.266Z","level":"INFO","message":"Server started successfully","data":{"port":"8003","environment":"development","timestamp":"2025-10-23T17:15:05.266Z"}}
{"timestamp":"2025-10-23T17:15:06.721Z","level":"INFO","message":"Server started successfully","data":{"port":"8003","environment":"development","timestamp":"2025-10-23T17:15:06.721Z"}}
{"timestamp":"2025-10-23T17:15:19.789Z","level":"INFO","message":"Server started successfully","data":{"port":"8003","environment":"development","timestamp":"2025-10-23T17:15:19.789Z"}}
{"timestamp":"2025-10-23T17:16:02.842Z","level":"INFO","message":"Server started successfully","data":{"port":"8003","environment":"development","timestamp":"2025-10-23T17:16:02.841Z"}}
{"timestamp":"2025-10-23T17:16:05.097Z","level":"INFO","message":"Server started successfully","data":{"port":"8003","environment":"development","timestamp":"2025-10-23T17:16:05.097Z"}}
{"timestamp":"2025-10-23T17:16:48.770Z","level":"INFO","message":"Server started successfully","data":{"port":"8003","environment":"development","timestamp":"2025-10-23T17:16:48.770Z"}}
{"timestamp":"2025-10-23T17:16:57.012Z","level":"INFO","message":"Server started successfully","data":{"port":"8003","environment":"development","timestamp":"2025-10-23T17:16:57.012Z"}}
{"timestamp":"2025-10-23T17:16:59.384Z","level":"INFO","message":"Server started successfully","data":{"port":"8003","environment":"development","timestamp":"2025-10-23T17:16:59.384Z"}}
{"timestamp":"2025-10-23T17:17:36.322Z","level":"INFO","message":"Server started successfully","data":{"port":"8003","environment":"development","timestamp":"2025-10-23T17:17:36.322Z"}}
{"timestamp":"2025-10-23T17:17:40.908Z","level":"INFO","message":"Server started successfully","data":{"port":"8003","environment":"development","timestamp":"2025-10-23T17:17:40.908Z"}}
{"timestamp":"2025-10-23T17:17:53.953Z","level":"INFO","message":"Server started successfully","data":{"port":"8003","environment":"development","timestamp":"2025-10-23T17:17:53.953Z"}}
{"timestamp":"2025-10-23T17:43:41.865Z","level":"INFO","message":"Server started successfully","data":{"port":"8003","environment":"development","timestamp":"2025-10-23T17:43:41.865Z"}}
{"timestamp":"2025-10-23T17:43:43.157Z","level":"INFO","message":"Server started successfully","data":{"port":"8003","environment":"development","timestamp":"2025-10-23T17:43:43.157Z"}}
